node : ΓÜá Warning: Next.js inferred your workspace root, but it may not be correct.
At line:1 char:1
+ node node_modules/next/dist/bin/next build > build_output.log 2>&1
+ ~~~~~~~~~~~~~~~~~~~~~~~~~~~~~~~~~~~~~~~~~~~~~~~~~~~~~~~~~~~~~~~~~~
    + CategoryInfo          : NotSpecified: (ΓÜá Warning: Ne...not be correct.:String) [], RemoteException
    + FullyQualifiedErrorId : NativeCommandError
 
 We detected multiple lockfiles and selected the directory of C:\Users\ACER\package-lock.json as the root directory.
 To silence this warning, set `turbopack.root` in your Next.js config, or consider removing one of the lockfiles if 
it's not needed.
   See https://nextjs.org/docs/app/api-reference/config/next-config-js/turbopack#root-directory for more information.
 Detected additional lockfiles: 
   * C:\Users\ACER\Desktop\Nam\VIP\package-lock.json

Γû▓ Next.js 16.2.1 (Turbopack)
- Environments: .env.local
- Experiments (use with caution):
  ┬╖ optimizePackageImports
  ┬╖ serverActions
  ┬╖ staleTimes

ΓÜá The "middleware" file convention is deprecated. Please use "proxy" instead. Learn more: 
https://nextjs.org/docs/messages/middleware-to-proxy
  Creating an optimized production build ...
Γ£ô Compiled successfully in 21.9s
  Running TypeScript ...
  Finished TypeScript in 21.8s ...
  Collecting page data using 11 workers ...
  Generating static pages using 11 workers (0/31) ...
  Generating static pages using 11 workers (7/31) 
  Generating static pages using 11 workers (15/31) 
  Generating static pages using 11 workers (23/31) 
Γ£ô Generating static pages using 11 workers (31/31) in 1397ms
  Finalizing page optimization ...

Route (app)
Γöî Γùï /
Γö£ Γùï /_not-found
Γö£ Γùï /admin
Γö£ ╞Æ /api/admin/models
Γö£ ╞Æ /api/ai-proxy
Γö£ ╞Æ /api/ai/admin-lease
Γö£ ╞Æ /api/ai/admin-proxy
Γö£ ╞Æ /api/ai/decrement-quota
Γö£ ╞Æ /api/dev/sync-dict
Γö£ ╞Æ /api/dict/chunk-upload
Γö£ ╞Æ /api/dict/cloud-storage
Γö£ ╞Æ /api/feedback
Γö£ ╞Æ /api/scrape
Γö£ ╞Æ /api/sync/download/[code]
Γö£ ╞Æ /api/sync/upload
Γö£ Γùï /convert
Γö£ Γùï /dashboard
Γö£ Γùï /dictionary
Γö£ Γùï /import
Γö£ Γùï /library
Γö£ Γùï /login
Γö£ ╞Æ /novels/[id]
Γö£ ╞Æ /novels/[id]/auto-write
Γö£ ╞Æ /novels/[id]/chapters/[chapterId]
Γö£ ╞Æ /novels/[id]/read
Γö£ ╞Æ /novels/[id]/read/[order]
Γö£ Γùï /register
Γö£ Γùï /scraper
Γö£ Γùï /scraper/generator
Γö£ Γùï /settings
Γö£ Γùï /settings/ai-settings
Γö£ Γùï /settings/api-guide
Γö£ Γùï /settings/data
Γö£ Γùï /settings/providers
Γöö Γùï /settings/scripts


╞Æ Proxy (Middleware)

Γùï  (Static)   prerendered as static content
╞Æ  (Dynamic)  server-rendered on demand

